// Jest Snapshot v1, https://goo.gl/fbAQLP

exports[`Background should match a snapshot 1`] = `
<section
  className="w-screen min-h-screen flex undefined"
/>
`;
