// Jest Snapshot v1, https://goo.gl/fbAQLP

exports[`IconRow should match a snapshot 1`] = `
<div
  className="flex flex-col sm:flex-row sm:items-center gap-x-5"
>
  <h3
    className="text-white font-medium tracking-wider text-2xl"
  />
  <div
    className="flex gap-x-5 my-2 sm:my-0"
  >
    <span />
  </div>
</div>
`;
